// Jest Snapshot v1, https://goo.gl/fbAQLP

exports[`create-solana-dapp should print the help command 1`] = `
"┌ create-solana-dapp 1.0.0
Usage: create-solana-dapp [options]
Options:
-V, --version output the version number
-n, --name <name>
Name of the workspace
--app-name <name>
Name of the frontend project (default: web)
-p, --preset <preset>
Preset to use (options: next, react)
-d, --dry-run
Dry run (default: false)
-a, --anchor
Include anchor in the project (default: true)
--anchor-name <anchor-name>
Anchor project name (default: anchor)
--anchor-template <anchor-template>
Anchor template (default: counter)
-pm, --package-manager <package-manager>
Package manager to use (default: npm)
-h, --help display help for command
Examples:
$ create-solana-dapp --name my-app --preset react
$ create-solana-dapp --name my-app --preset react --package-manager yarn
$ create-solana-dapp --name my-app --preset react --anchor-template hello-world"
`;
