// Jest Snapshot v1, https://goo.gl/fbAQLP

exports[`preset-anchor should print the help command 1`] = `
"> NX generate @solana-developers/preset-anchor:anchor-application [name] [options,...]
From: @solana-developers/preset-anchor (v0.0.1)
Name: anchor-application (aliases: application, preset)
Generate an Anchor application
Options:
--name Name of the project [string]
--programName Name of the program [string]
--template The template to use [string] [choices: "counter",
"basic", "none"] [default:
"none"]
--skipFormat Skip formatting files [boolean]"
`;
